// Jest Snapshot v1, https://goo.gl/fbAQLP

exports[`renders learn react link 1`] = `
Object {
  "asFragment": [Function],
  "baseElement": <body>
    <div>
      <div
        class="container"
      >
        <nav
          class="navBar"
        >
          <ul>
            <li>
              <a
                aria-current="page"
                class="nav-link active"
                href="/"
              >
                Home
              </a>
            </li>
            <li>
              <a
                class="nav-link"
                href="/calculator"
              >
                Calculator
              </a>
            </li>
            <li>
              <a
                class="nav-link"
                href="/quote"
              >
                Quote
              </a>
            </li>
          </ul>
        </nav>
        <div
          class="calculator-container"
        >
          <div
            class="title-container"
          >
            <h1
              class="calculator-title"
            >
              Math Magicians
            </h1>
            <h2
              class="calculator-subtitle"
            >
              Let's do some math!
            </h2>
          </div>
          <div
            class="calculator-grid"
          >
            <div
              class="output"
            >
               
               
            </div>
            <button
              type="button"
            >
              AC
            </button>
            <button
              type="button"
            >
              +/-
            </button>
            <button
              type="button"
            >
              %
            </button>
            <button
              class="operator"
              type="button"
            >
              ÷
            </button>
            <button
              type="button"
            >
              7
            </button>
            <button
              type="button"
            >
              8
            </button>
            <button
              type="button"
            >
              9
            </button>
            <button
              class="operator"
              type="button"
            >
              x
            </button>
            <button
              type="button"
            >
              4
            </button>
            <button
              type="button"
            >
              5
            </button>
            <button
              type="button"
            >
              6
            </button>
            <button
              class="operator"
              type="button"
            >
              -
            </button>
            <button
              type="button"
            >
              1
            </button>
            <button
              type="button"
            >
              2
            </button>
            <button
              type="button"
            >
              3
            </button>
            <button
              class="operator"
              type="button"
            >
              +
            </button>
            <button
              class="occupy-two"
              type="button"
            >
              0
            </button>
            <button
              type="button"
            >
              .
            </button>
            <button
              class="operator"
              type="button"
            >
              =
            </button>
          </div>
        </div>
      </div>
    </div>
  </body>,
  "container": <div>
    <div
      class="container"
    >
      <nav
        class="navBar"
      >
        <ul>
          <li>
            <a
              aria-current="page"
              class="nav-link active"
              href="/"
            >
              Home
            </a>
          </li>
          <li>
            <a
              class="nav-link"
              href="/calculator"
            >
              Calculator
            </a>
          </li>
          <li>
            <a
              class="nav-link"
              href="/quote"
            >
              Quote
            </a>
          </li>
        </ul>
      </nav>
      <div
        class="calculator-container"
      >
        <div
          class="title-container"
        >
          <h1
            class="calculator-title"
          >
            Math Magicians
          </h1>
          <h2
            class="calculator-subtitle"
          >
            Let's do some math!
          </h2>
        </div>
        <div
          class="calculator-grid"
        >
          <div
            class="output"
          >
             
             
          </div>
          <button
            type="button"
          >
            AC
          </button>
          <button
            type="button"
          >
            +/-
          </button>
          <button
            type="button"
          >
            %
          </button>
          <button
            class="operator"
            type="button"
          >
            ÷
          </button>
          <button
            type="button"
          >
            7
          </button>
          <button
            type="button"
          >
            8
          </button>
          <button
            type="button"
          >
            9
          </button>
          <button
            class="operator"
            type="button"
          >
            x
          </button>
          <button
            type="button"
          >
            4
          </button>
          <button
            type="button"
          >
            5
          </button>
          <button
            type="button"
          >
            6
          </button>
          <button
            class="operator"
            type="button"
          >
            -
          </button>
          <button
            type="button"
          >
            1
          </button>
          <button
            type="button"
          >
            2
          </button>
          <button
            type="button"
          >
            3
          </button>
          <button
            class="operator"
            type="button"
          >
            +
          </button>
          <button
            class="occupy-two"
            type="button"
          >
            0
          </button>
          <button
            type="button"
          >
            .
          </button>
          <button
            class="operator"
            type="button"
          >
            =
          </button>
        </div>
      </div>
    </div>
  </div>,
  "debug": [Function],
  "findAllByAltText": [Function],
  "findAllByDisplayValue": [Function],
  "findAllByLabelText": [Function],
  "findAllByPlaceholderText": [Function],
  "findAllByRole": [Function],
  "findAllByTestId": [Function],
  "findAllByText": [Function],
  "findAllByTitle": [Function],
  "findByAltText": [Function],
  "findByDisplayValue": [Function],
  "findByLabelText": [Function],
  "findByPlaceholderText": [Function],
  "findByRole": [Function],
  "findByTestId": [Function],
  "findByText": [Function],
  "findByTitle": [Function],
  "getAllByAltText": [Function],
  "getAllByDisplayValue": [Function],
  "getAllByLabelText": [Function],
  "getAllByPlaceholderText": [Function],
  "getAllByRole": [Function],
  "getAllByTestId": [Function],
  "getAllByText": [Function],
  "getAllByTitle": [Function],
  "getByAltText": [Function],
  "getByDisplayValue": [Function],
  "getByLabelText": [Function],
  "getByPlaceholderText": [Function],
  "getByRole": [Function],
  "getByTestId": [Function],
  "getByText": [Function],
  "getByTitle": [Function],
  "queryAllByAltText": [Function],
  "queryAllByDisplayValue": [Function],
  "queryAllByLabelText": [Function],
  "queryAllByPlaceholderText": [Function],
  "queryAllByRole": [Function],
  "queryAllByTestId": [Function],
  "queryAllByText": [Function],
  "queryAllByTitle": [Function],
  "queryByAltText": [Function],
  "queryByDisplayValue": [Function],
  "queryByLabelText": [Function],
  "queryByPlaceholderText": [Function],
  "queryByRole": [Function],
  "queryByTestId": [Function],
  "queryByText": [Function],
  "queryByTitle": [Function],
  "rerender": [Function],
  "unmount": [Function],
}
`;
